INFO:werkzeug: * Running on http://127.0.0.1:5000 (Press CTRL+C to quit)
INFO:root:Открытие главной страницы
INFO:werkzeug:127.0.0.1 - - [06/May/2022 11:40:51] "GET / HTTP/1.1" 200 -
INFO:werkzeug:127.0.0.1 - - [06/May/2022 11:40:51] "[36mGET /static/style.css HTTP/1.1[0m" 304 -
INFO:werkzeug:127.0.0.1 - - [06/May/2022 11:40:53] "[33mGET /post HTTP/1.1[0m" 404 -
INFO:werkzeug: * Running on http://127.0.0.1:5000 (Press CTRL+C to quit)
ERROR:app:Exception on /post [GET]
Traceback (most recent call last):
  File "D:\Python\homework12\lesson12_project_source_v3-master\venv\lib\site-packages\flask\app.py", line 2077, in wsgi_app
    response = self.full_dispatch_request()
  File "D:\Python\homework12\lesson12_project_source_v3-master\venv\lib\site-packages\flask\app.py", line 1525, in full_dispatch_request
    rv = self.handle_user_exception(e)
  File "D:\Python\homework12\lesson12_project_source_v3-master\venv\lib\site-packages\flask\app.py", line 1523, in full_dispatch_request
    rv = self.dispatch_request()
  File "D:\Python\homework12\lesson12_project_source_v3-master\venv\lib\site-packages\flask\app.py", line 1509, in dispatch_request
    return self.ensure_sync(self.view_functions[rule.endpoint])(**req.view_args)
  File "D:\Python\homework12\lesson12_project_source_v3-master\loader\views.py", line 10, in create_new_post_page
    return render_template("post_form.html")
  File "D:\Python\homework12\lesson12_project_source_v3-master\venv\lib\site-packages\flask\templating.py", line 149, in render_template
    ctx.app.jinja_env.get_or_select_template(template_name_or_list),
  File "D:\Python\homework12\lesson12_project_source_v3-master\venv\lib\site-packages\jinja2\environment.py", line 1081, in get_or_select_template
    return self.get_template(template_name_or_list, parent, globals)
  File "D:\Python\homework12\lesson12_project_source_v3-master\venv\lib\site-packages\jinja2\environment.py", line 1010, in get_template
    return self._load_template(name, globals)
  File "D:\Python\homework12\lesson12_project_source_v3-master\venv\lib\site-packages\jinja2\environment.py", line 969, in _load_template
    template = self.loader.load(self, name, self.make_globals(globals))
  File "D:\Python\homework12\lesson12_project_source_v3-master\venv\lib\site-packages\jinja2\loaders.py", line 126, in load
    source, filename, uptodate = self.get_source(environment, name)
  File "D:\Python\homework12\lesson12_project_source_v3-master\venv\lib\site-packages\flask\templating.py", line 59, in get_source
    return self._get_source_fast(environment, template)
  File "D:\Python\homework12\lesson12_project_source_v3-master\venv\lib\site-packages\flask\templating.py", line 95, in _get_source_fast
    raise TemplateNotFound(template)
jinja2.exceptions.TemplateNotFound: post_form.html
INFO:werkzeug:127.0.0.1 - - [06/May/2022 11:42:34] "[35m[1mGET /post HTTP/1.1[0m" 500 -
INFO:root:Открытие главной страницы
INFO:werkzeug:127.0.0.1 - - [06/May/2022 11:42:57] "GET / HTTP/1.1" 200 -
INFO:werkzeug:127.0.0.1 - - [06/May/2022 11:42:57] "[36mGET /static/style.css HTTP/1.1[0m" 304 -
ERROR:app:Exception on /post [GET]
Traceback (most recent call last):
  File "D:\Python\homework12\lesson12_project_source_v3-master\venv\lib\site-packages\flask\app.py", line 2077, in wsgi_app
    response = self.full_dispatch_request()
  File "D:\Python\homework12\lesson12_project_source_v3-master\venv\lib\site-packages\flask\app.py", line 1525, in full_dispatch_request
    rv = self.handle_user_exception(e)
  File "D:\Python\homework12\lesson12_project_source_v3-master\venv\lib\site-packages\flask\app.py", line 1523, in full_dispatch_request
    rv = self.dispatch_request()
  File "D:\Python\homework12\lesson12_project_source_v3-master\venv\lib\site-packages\flask\app.py", line 1509, in dispatch_request
    return self.ensure_sync(self.view_functions[rule.endpoint])(**req.view_args)
  File "D:\Python\homework12\lesson12_project_source_v3-master\loader\views.py", line 10, in create_new_post_page
    return render_template("post_form.html")
  File "D:\Python\homework12\lesson12_project_source_v3-master\venv\lib\site-packages\flask\templating.py", line 149, in render_template
    ctx.app.jinja_env.get_or_select_template(template_name_or_list),
  File "D:\Python\homework12\lesson12_project_source_v3-master\venv\lib\site-packages\jinja2\environment.py", line 1081, in get_or_select_template
    return self.get_template(template_name_or_list, parent, globals)
  File "D:\Python\homework12\lesson12_project_source_v3-master\venv\lib\site-packages\jinja2\environment.py", line 1010, in get_template
    return self._load_template(name, globals)
  File "D:\Python\homework12\lesson12_project_source_v3-master\venv\lib\site-packages\jinja2\environment.py", line 969, in _load_template
    template = self.loader.load(self, name, self.make_globals(globals))
  File "D:\Python\homework12\lesson12_project_source_v3-master\venv\lib\site-packages\jinja2\loaders.py", line 126, in load
    source, filename, uptodate = self.get_source(environment, name)
  File "D:\Python\homework12\lesson12_project_source_v3-master\venv\lib\site-packages\flask\templating.py", line 59, in get_source
    return self._get_source_fast(environment, template)
  File "D:\Python\homework12\lesson12_project_source_v3-master\venv\lib\site-packages\flask\templating.py", line 95, in _get_source_fast
    raise TemplateNotFound(template)
jinja2.exceptions.TemplateNotFound: post_form.html
INFO:werkzeug:127.0.0.1 - - [06/May/2022 11:43:00] "[35m[1mGET /post HTTP/1.1[0m" 500 -
INFO:root:Выполняется поиск
INFO:werkzeug:127.0.0.1 - - [06/May/2022 11:45:20] "GET /search?s=F HTTP/1.1" 200 -
INFO:werkzeug:127.0.0.1 - - [06/May/2022 11:45:20] "[36mGET /static/style.css HTTP/1.1[0m" 304 -
ERROR:app:Exception on /post [GET]
Traceback (most recent call last):
  File "D:\Python\homework12\lesson12_project_source_v3-master\venv\lib\site-packages\flask\app.py", line 2077, in wsgi_app
    response = self.full_dispatch_request()
  File "D:\Python\homework12\lesson12_project_source_v3-master\venv\lib\site-packages\flask\app.py", line 1525, in full_dispatch_request
    rv = self.handle_user_exception(e)
  File "D:\Python\homework12\lesson12_project_source_v3-master\venv\lib\site-packages\flask\app.py", line 1523, in full_dispatch_request
    rv = self.dispatch_request()
  File "D:\Python\homework12\lesson12_project_source_v3-master\venv\lib\site-packages\flask\app.py", line 1509, in dispatch_request
    return self.ensure_sync(self.view_functions[rule.endpoint])(**req.view_args)
  File "D:\Python\homework12\lesson12_project_source_v3-master\loader\views.py", line 10, in create_new_post_page
    return render_template("post_form.html")
  File "D:\Python\homework12\lesson12_project_source_v3-master\venv\lib\site-packages\flask\templating.py", line 149, in render_template
    ctx.app.jinja_env.get_or_select_template(template_name_or_list),
  File "D:\Python\homework12\lesson12_project_source_v3-master\venv\lib\site-packages\jinja2\environment.py", line 1081, in get_or_select_template
    return self.get_template(template_name_or_list, parent, globals)
  File "D:\Python\homework12\lesson12_project_source_v3-master\venv\lib\site-packages\jinja2\environment.py", line 1010, in get_template
    return self._load_template(name, globals)
  File "D:\Python\homework12\lesson12_project_source_v3-master\venv\lib\site-packages\jinja2\environment.py", line 969, in _load_template
    template = self.loader.load(self, name, self.make_globals(globals))
  File "D:\Python\homework12\lesson12_project_source_v3-master\venv\lib\site-packages\jinja2\loaders.py", line 126, in load
    source, filename, uptodate = self.get_source(environment, name)
  File "D:\Python\homework12\lesson12_project_source_v3-master\venv\lib\site-packages\flask\templating.py", line 59, in get_source
    return self._get_source_fast(environment, template)
  File "D:\Python\homework12\lesson12_project_source_v3-master\venv\lib\site-packages\flask\templating.py", line 95, in _get_source_fast
    raise TemplateNotFound(template)
jinja2.exceptions.TemplateNotFound: post_form.html
INFO:werkzeug:127.0.0.1 - - [06/May/2022 11:45:23] "[35m[1mGET /post HTTP/1.1[0m" 500 -
INFO:werkzeug: * Running on http://127.0.0.1:5000 (Press CTRL+C to quit)
ERROR:app:Exception on /post [GET]
Traceback (most recent call last):
  File "D:\Python\homework12\lesson12_project_source_v3-master\venv\lib\site-packages\flask\app.py", line 2077, in wsgi_app
    response = self.full_dispatch_request()
  File "D:\Python\homework12\lesson12_project_source_v3-master\venv\lib\site-packages\flask\app.py", line 1525, in full_dispatch_request
    rv = self.handle_user_exception(e)
  File "D:\Python\homework12\lesson12_project_source_v3-master\venv\lib\site-packages\flask\app.py", line 1523, in full_dispatch_request
    rv = self.dispatch_request()
  File "D:\Python\homework12\lesson12_project_source_v3-master\venv\lib\site-packages\flask\app.py", line 1509, in dispatch_request
    return self.ensure_sync(self.view_functions[rule.endpoint])(**req.view_args)
  File "D:\Python\homework12\lesson12_project_source_v3-master\loader\views.py", line 10, in create_new_post_page
    return render_template("post_form.html")
  File "D:\Python\homework12\lesson12_project_source_v3-master\venv\lib\site-packages\flask\templating.py", line 149, in render_template
    ctx.app.jinja_env.get_or_select_template(template_name_or_list),
  File "D:\Python\homework12\lesson12_project_source_v3-master\venv\lib\site-packages\jinja2\environment.py", line 1081, in get_or_select_template
    return self.get_template(template_name_or_list, parent, globals)
  File "D:\Python\homework12\lesson12_project_source_v3-master\venv\lib\site-packages\jinja2\environment.py", line 1010, in get_template
    return self._load_template(name, globals)
  File "D:\Python\homework12\lesson12_project_source_v3-master\venv\lib\site-packages\jinja2\environment.py", line 969, in _load_template
    template = self.loader.load(self, name, self.make_globals(globals))
  File "D:\Python\homework12\lesson12_project_source_v3-master\venv\lib\site-packages\jinja2\loaders.py", line 126, in load
    source, filename, uptodate = self.get_source(environment, name)
  File "D:\Python\homework12\lesson12_project_source_v3-master\venv\lib\site-packages\flask\templating.py", line 59, in get_source
    return self._get_source_fast(environment, template)
  File "D:\Python\homework12\lesson12_project_source_v3-master\venv\lib\site-packages\flask\templating.py", line 95, in _get_source_fast
    raise TemplateNotFound(template)
jinja2.exceptions.TemplateNotFound: post_form.html
INFO:werkzeug:127.0.0.1 - - [06/May/2022 11:50:22] "[35m[1mGET /post HTTP/1.1[0m" 500 -
INFO:root:Открытие главной страницы
INFO:werkzeug:127.0.0.1 - - [06/May/2022 11:50:28] "GET / HTTP/1.1" 200 -
INFO:werkzeug:127.0.0.1 - - [06/May/2022 11:50:28] "[36mGET /static/style.css HTTP/1.1[0m" 304 -
ERROR:app:Exception on /post [GET]
Traceback (most recent call last):
  File "D:\Python\homework12\lesson12_project_source_v3-master\venv\lib\site-packages\flask\app.py", line 2077, in wsgi_app
    response = self.full_dispatch_request()
  File "D:\Python\homework12\lesson12_project_source_v3-master\venv\lib\site-packages\flask\app.py", line 1525, in full_dispatch_request
    rv = self.handle_user_exception(e)
  File "D:\Python\homework12\lesson12_project_source_v3-master\venv\lib\site-packages\flask\app.py", line 1523, in full_dispatch_request
    rv = self.dispatch_request()
  File "D:\Python\homework12\lesson12_project_source_v3-master\venv\lib\site-packages\flask\app.py", line 1509, in dispatch_request
    return self.ensure_sync(self.view_functions[rule.endpoint])(**req.view_args)
  File "D:\Python\homework12\lesson12_project_source_v3-master\loader\views.py", line 10, in create_new_post_page
    return render_template("post_form.html")
  File "D:\Python\homework12\lesson12_project_source_v3-master\venv\lib\site-packages\flask\templating.py", line 149, in render_template
    ctx.app.jinja_env.get_or_select_template(template_name_or_list),
  File "D:\Python\homework12\lesson12_project_source_v3-master\venv\lib\site-packages\jinja2\environment.py", line 1081, in get_or_select_template
    return self.get_template(template_name_or_list, parent, globals)
  File "D:\Python\homework12\lesson12_project_source_v3-master\venv\lib\site-packages\jinja2\environment.py", line 1010, in get_template
    return self._load_template(name, globals)
  File "D:\Python\homework12\lesson12_project_source_v3-master\venv\lib\site-packages\jinja2\environment.py", line 969, in _load_template
    template = self.loader.load(self, name, self.make_globals(globals))
  File "D:\Python\homework12\lesson12_project_source_v3-master\venv\lib\site-packages\jinja2\loaders.py", line 126, in load
    source, filename, uptodate = self.get_source(environment, name)
  File "D:\Python\homework12\lesson12_project_source_v3-master\venv\lib\site-packages\flask\templating.py", line 59, in get_source
    return self._get_source_fast(environment, template)
  File "D:\Python\homework12\lesson12_project_source_v3-master\venv\lib\site-packages\flask\templating.py", line 95, in _get_source_fast
    raise TemplateNotFound(template)
jinja2.exceptions.TemplateNotFound: post_form.html
INFO:werkzeug:127.0.0.1 - - [06/May/2022 11:50:30] "[35m[1mGET /post HTTP/1.1[0m" 500 -
INFO:werkzeug: * Running on http://127.0.0.1:5000 (Press CTRL+C to quit)
ERROR:app:Exception on /post [GET]
Traceback (most recent call last):
  File "D:\Python\homework12\lesson12_project_source_v3-master\venv\lib\site-packages\flask\app.py", line 2077, in wsgi_app
    response = self.full_dispatch_request()
  File "D:\Python\homework12\lesson12_project_source_v3-master\venv\lib\site-packages\flask\app.py", line 1525, in full_dispatch_request
    rv = self.handle_user_exception(e)
  File "D:\Python\homework12\lesson12_project_source_v3-master\venv\lib\site-packages\flask\app.py", line 1523, in full_dispatch_request
    rv = self.dispatch_request()
  File "D:\Python\homework12\lesson12_project_source_v3-master\venv\lib\site-packages\flask\app.py", line 1509, in dispatch_request
    return self.ensure_sync(self.view_functions[rule.endpoint])(**req.view_args)
  File "D:\Python\homework12\lesson12_project_source_v3-master\loader\views.py", line 10, in create_new_post_page
    return render_template("post_form.html")
  File "D:\Python\homework12\lesson12_project_source_v3-master\venv\lib\site-packages\flask\templating.py", line 149, in render_template
    ctx.app.jinja_env.get_or_select_template(template_name_or_list),
  File "D:\Python\homework12\lesson12_project_source_v3-master\venv\lib\site-packages\jinja2\environment.py", line 1081, in get_or_select_template
    return self.get_template(template_name_or_list, parent, globals)
  File "D:\Python\homework12\lesson12_project_source_v3-master\venv\lib\site-packages\jinja2\environment.py", line 1010, in get_template
    return self._load_template(name, globals)
  File "D:\Python\homework12\lesson12_project_source_v3-master\venv\lib\site-packages\jinja2\environment.py", line 969, in _load_template
    template = self.loader.load(self, name, self.make_globals(globals))
  File "D:\Python\homework12\lesson12_project_source_v3-master\venv\lib\site-packages\jinja2\loaders.py", line 126, in load
    source, filename, uptodate = self.get_source(environment, name)
  File "D:\Python\homework12\lesson12_project_source_v3-master\venv\lib\site-packages\flask\templating.py", line 59, in get_source
    return self._get_source_fast(environment, template)
  File "D:\Python\homework12\lesson12_project_source_v3-master\venv\lib\site-packages\flask\templating.py", line 95, in _get_source_fast
    raise TemplateNotFound(template)
jinja2.exceptions.TemplateNotFound: post_form.html
INFO:werkzeug:127.0.0.1 - - [06/May/2022 11:50:42] "[35m[1mGET /post HTTP/1.1[0m" 500 -
INFO:werkzeug: * Running on http://127.0.0.1:5000 (Press CTRL+C to quit)
INFO:root:Открытие главной страницы
INFO:werkzeug:127.0.0.1 - - [06/May/2022 11:54:21] "GET / HTTP/1.1" 200 -
INFO:werkzeug:127.0.0.1 - - [06/May/2022 11:54:21] "[36mGET /static/style.css HTTP/1.1[0m" 304 -
INFO:werkzeug: * Running on http://127.0.0.1:5000 (Press CTRL+C to quit)
INFO:werkzeug: * Running on http://127.0.0.1:5000 (Press CTRL+C to quit)
INFO:root:Открытие главной страницы
INFO:werkzeug:127.0.0.1 - - [06/May/2022 11:57:29] "GET / HTTP/1.1" 200 -
INFO:werkzeug:127.0.0.1 - - [06/May/2022 11:57:29] "[36mGET /static/style.css HTTP/1.1[0m" 304 -
INFO:root:Выполняется поиск
INFO:werkzeug:127.0.0.1 - - [06/May/2022 11:57:33] "GET /search?s=s HTTP/1.1" 200 -
INFO:werkzeug:127.0.0.1 - - [06/May/2022 11:57:33] "[36mGET /static/style.css HTTP/1.1[0m" 304 -
INFO:root:Открытие главной страницы
INFO:werkzeug:127.0.0.1 - - [06/May/2022 11:58:01] "GET / HTTP/1.1" 200 -
INFO:werkzeug:127.0.0.1 - - [06/May/2022 11:58:01] "[36mGET /static/style.css HTTP/1.1[0m" 304 -
ERROR:app:Exception on /post [GET]
Traceback (most recent call last):
  File "D:\Python\homework12\lesson12_project_source_v3-master\venv\lib\site-packages\flask\app.py", line 2077, in wsgi_app
    response = self.full_dispatch_request()
  File "D:\Python\homework12\lesson12_project_source_v3-master\venv\lib\site-packages\flask\app.py", line 1525, in full_dispatch_request
    rv = self.handle_user_exception(e)
  File "D:\Python\homework12\lesson12_project_source_v3-master\venv\lib\site-packages\flask\app.py", line 1523, in full_dispatch_request
    rv = self.dispatch_request()
  File "D:\Python\homework12\lesson12_project_source_v3-master\venv\lib\site-packages\flask\app.py", line 1509, in dispatch_request
    return self.ensure_sync(self.view_functions[rule.endpoint])(**req.view_args)
  File "D:\Python\homework12\lesson12_project_source_v3-master\loader\views.py", line 10, in create_new_post_page
    return render_template("post_form.html")
  File "D:\Python\homework12\lesson12_project_source_v3-master\venv\lib\site-packages\flask\templating.py", line 149, in render_template
    ctx.app.jinja_env.get_or_select_template(template_name_or_list),
  File "D:\Python\homework12\lesson12_project_source_v3-master\venv\lib\site-packages\jinja2\environment.py", line 1081, in get_or_select_template
    return self.get_template(template_name_or_list, parent, globals)
  File "D:\Python\homework12\lesson12_project_source_v3-master\venv\lib\site-packages\jinja2\environment.py", line 1010, in get_template
    return self._load_template(name, globals)
  File "D:\Python\homework12\lesson12_project_source_v3-master\venv\lib\site-packages\jinja2\environment.py", line 969, in _load_template
    template = self.loader.load(self, name, self.make_globals(globals))
  File "D:\Python\homework12\lesson12_project_source_v3-master\venv\lib\site-packages\jinja2\loaders.py", line 126, in load
    source, filename, uptodate = self.get_source(environment, name)
  File "D:\Python\homework12\lesson12_project_source_v3-master\venv\lib\site-packages\flask\templating.py", line 59, in get_source
    return self._get_source_fast(environment, template)
  File "D:\Python\homework12\lesson12_project_source_v3-master\venv\lib\site-packages\flask\templating.py", line 95, in _get_source_fast
    raise TemplateNotFound(template)
jinja2.exceptions.TemplateNotFound: post_form.html
INFO:werkzeug:127.0.0.1 - - [06/May/2022 11:58:02] "[35m[1mGET /post HTTP/1.1[0m" 500 -
ERROR:app:Exception on /post [GET]
Traceback (most recent call last):
  File "D:\Python\homework12\lesson12_project_source_v3-master\venv\lib\site-packages\flask\app.py", line 2077, in wsgi_app
    response = self.full_dispatch_request()
  File "D:\Python\homework12\lesson12_project_source_v3-master\venv\lib\site-packages\flask\app.py", line 1525, in full_dispatch_request
    rv = self.handle_user_exception(e)
  File "D:\Python\homework12\lesson12_project_source_v3-master\venv\lib\site-packages\flask\app.py", line 1523, in full_dispatch_request
    rv = self.dispatch_request()
  File "D:\Python\homework12\lesson12_project_source_v3-master\venv\lib\site-packages\flask\app.py", line 1509, in dispatch_request
    return self.ensure_sync(self.view_functions[rule.endpoint])(**req.view_args)
  File "D:\Python\homework12\lesson12_project_source_v3-master\loader\views.py", line 10, in create_new_post_page
    return render_template("post_form.html")
  File "D:\Python\homework12\lesson12_project_source_v3-master\venv\lib\site-packages\flask\templating.py", line 149, in render_template
    ctx.app.jinja_env.get_or_select_template(template_name_or_list),
  File "D:\Python\homework12\lesson12_project_source_v3-master\venv\lib\site-packages\jinja2\environment.py", line 1081, in get_or_select_template
    return self.get_template(template_name_or_list, parent, globals)
  File "D:\Python\homework12\lesson12_project_source_v3-master\venv\lib\site-packages\jinja2\environment.py", line 1010, in get_template
    return self._load_template(name, globals)
  File "D:\Python\homework12\lesson12_project_source_v3-master\venv\lib\site-packages\jinja2\environment.py", line 969, in _load_template
    template = self.loader.load(self, name, self.make_globals(globals))
  File "D:\Python\homework12\lesson12_project_source_v3-master\venv\lib\site-packages\jinja2\loaders.py", line 126, in load
    source, filename, uptodate = self.get_source(environment, name)
  File "D:\Python\homework12\lesson12_project_source_v3-master\venv\lib\site-packages\flask\templating.py", line 59, in get_source
    return self._get_source_fast(environment, template)
  File "D:\Python\homework12\lesson12_project_source_v3-master\venv\lib\site-packages\flask\templating.py", line 95, in _get_source_fast
    raise TemplateNotFound(template)
jinja2.exceptions.TemplateNotFound: post_form.html
INFO:werkzeug:127.0.0.1 - - [06/May/2022 12:59:26] "[35m[1mGET /post HTTP/1.1[0m" 500 -
ERROR:app:Exception on /post [GET]
Traceback (most recent call last):
  File "D:\Python\homework12\lesson12_project_source_v3-master\venv\lib\site-packages\flask\app.py", line 2077, in wsgi_app
    response = self.full_dispatch_request()
  File "D:\Python\homework12\lesson12_project_source_v3-master\venv\lib\site-packages\flask\app.py", line 1525, in full_dispatch_request
    rv = self.handle_user_exception(e)
  File "D:\Python\homework12\lesson12_project_source_v3-master\venv\lib\site-packages\flask\app.py", line 1523, in full_dispatch_request
    rv = self.dispatch_request()
  File "D:\Python\homework12\lesson12_project_source_v3-master\venv\lib\site-packages\flask\app.py", line 1509, in dispatch_request
    return self.ensure_sync(self.view_functions[rule.endpoint])(**req.view_args)
  File "D:\Python\homework12\lesson12_project_source_v3-master\loader\views.py", line 10, in create_new_post_page
    return render_template("post_form.html")
  File "D:\Python\homework12\lesson12_project_source_v3-master\venv\lib\site-packages\flask\templating.py", line 149, in render_template
    ctx.app.jinja_env.get_or_select_template(template_name_or_list),
  File "D:\Python\homework12\lesson12_project_source_v3-master\venv\lib\site-packages\jinja2\environment.py", line 1081, in get_or_select_template
    return self.get_template(template_name_or_list, parent, globals)
  File "D:\Python\homework12\lesson12_project_source_v3-master\venv\lib\site-packages\jinja2\environment.py", line 1010, in get_template
    return self._load_template(name, globals)
  File "D:\Python\homework12\lesson12_project_source_v3-master\venv\lib\site-packages\jinja2\environment.py", line 969, in _load_template
    template = self.loader.load(self, name, self.make_globals(globals))
  File "D:\Python\homework12\lesson12_project_source_v3-master\venv\lib\site-packages\jinja2\loaders.py", line 126, in load
    source, filename, uptodate = self.get_source(environment, name)
  File "D:\Python\homework12\lesson12_project_source_v3-master\venv\lib\site-packages\flask\templating.py", line 59, in get_source
    return self._get_source_fast(environment, template)
  File "D:\Python\homework12\lesson12_project_source_v3-master\venv\lib\site-packages\flask\templating.py", line 95, in _get_source_fast
    raise TemplateNotFound(template)
jinja2.exceptions.TemplateNotFound: post_form.html
INFO:werkzeug:127.0.0.1 - - [06/May/2022 12:59:27] "[35m[1mGET /post HTTP/1.1[0m" 500 -
ERROR:app:Exception on /post [GET]
Traceback (most recent call last):
  File "D:\Python\homework12\lesson12_project_source_v3-master\venv\lib\site-packages\flask\app.py", line 2077, in wsgi_app
    response = self.full_dispatch_request()
  File "D:\Python\homework12\lesson12_project_source_v3-master\venv\lib\site-packages\flask\app.py", line 1525, in full_dispatch_request
    rv = self.handle_user_exception(e)
  File "D:\Python\homework12\lesson12_project_source_v3-master\venv\lib\site-packages\flask\app.py", line 1523, in full_dispatch_request
    rv = self.dispatch_request()
  File "D:\Python\homework12\lesson12_project_source_v3-master\venv\lib\site-packages\flask\app.py", line 1509, in dispatch_request
    return self.ensure_sync(self.view_functions[rule.endpoint])(**req.view_args)
  File "D:\Python\homework12\lesson12_project_source_v3-master\loader\views.py", line 10, in create_new_post_page
    return render_template("post_form.html")
  File "D:\Python\homework12\lesson12_project_source_v3-master\venv\lib\site-packages\flask\templating.py", line 149, in render_template
    ctx.app.jinja_env.get_or_select_template(template_name_or_list),
  File "D:\Python\homework12\lesson12_project_source_v3-master\venv\lib\site-packages\jinja2\environment.py", line 1081, in get_or_select_template
    return self.get_template(template_name_or_list, parent, globals)
  File "D:\Python\homework12\lesson12_project_source_v3-master\venv\lib\site-packages\jinja2\environment.py", line 1010, in get_template
    return self._load_template(name, globals)
  File "D:\Python\homework12\lesson12_project_source_v3-master\venv\lib\site-packages\jinja2\environment.py", line 969, in _load_template
    template = self.loader.load(self, name, self.make_globals(globals))
  File "D:\Python\homework12\lesson12_project_source_v3-master\venv\lib\site-packages\jinja2\loaders.py", line 126, in load
    source, filename, uptodate = self.get_source(environment, name)
  File "D:\Python\homework12\lesson12_project_source_v3-master\venv\lib\site-packages\flask\templating.py", line 59, in get_source
    return self._get_source_fast(environment, template)
  File "D:\Python\homework12\lesson12_project_source_v3-master\venv\lib\site-packages\flask\templating.py", line 95, in _get_source_fast
    raise TemplateNotFound(template)
jinja2.exceptions.TemplateNotFound: post_form.html
INFO:werkzeug:127.0.0.1 - - [06/May/2022 12:59:27] "[35m[1mGET /post HTTP/1.1[0m" 500 -
ERROR:app:Exception on /post [GET]
Traceback (most recent call last):
  File "D:\Python\homework12\lesson12_project_source_v3-master\venv\lib\site-packages\flask\app.py", line 2077, in wsgi_app
    response = self.full_dispatch_request()
  File "D:\Python\homework12\lesson12_project_source_v3-master\venv\lib\site-packages\flask\app.py", line 1525, in full_dispatch_request
    rv = self.handle_user_exception(e)
  File "D:\Python\homework12\lesson12_project_source_v3-master\venv\lib\site-packages\flask\app.py", line 1523, in full_dispatch_request
    rv = self.dispatch_request()
  File "D:\Python\homework12\lesson12_project_source_v3-master\venv\lib\site-packages\flask\app.py", line 1509, in dispatch_request
    return self.ensure_sync(self.view_functions[rule.endpoint])(**req.view_args)
  File "D:\Python\homework12\lesson12_project_source_v3-master\loader\views.py", line 10, in create_new_post_page
    return render_template("post_form.html")
  File "D:\Python\homework12\lesson12_project_source_v3-master\venv\lib\site-packages\flask\templating.py", line 149, in render_template
    ctx.app.jinja_env.get_or_select_template(template_name_or_list),
  File "D:\Python\homework12\lesson12_project_source_v3-master\venv\lib\site-packages\jinja2\environment.py", line 1081, in get_or_select_template
    return self.get_template(template_name_or_list, parent, globals)
  File "D:\Python\homework12\lesson12_project_source_v3-master\venv\lib\site-packages\jinja2\environment.py", line 1010, in get_template
    return self._load_template(name, globals)
  File "D:\Python\homework12\lesson12_project_source_v3-master\venv\lib\site-packages\jinja2\environment.py", line 969, in _load_template
    template = self.loader.load(self, name, self.make_globals(globals))
  File "D:\Python\homework12\lesson12_project_source_v3-master\venv\lib\site-packages\jinja2\loaders.py", line 126, in load
    source, filename, uptodate = self.get_source(environment, name)
  File "D:\Python\homework12\lesson12_project_source_v3-master\venv\lib\site-packages\flask\templating.py", line 59, in get_source
    return self._get_source_fast(environment, template)
  File "D:\Python\homework12\lesson12_project_source_v3-master\venv\lib\site-packages\flask\templating.py", line 95, in _get_source_fast
    raise TemplateNotFound(template)
jinja2.exceptions.TemplateNotFound: post_form.html
INFO:werkzeug:127.0.0.1 - - [06/May/2022 12:59:28] "[35m[1mGET /post HTTP/1.1[0m" 500 -
ERROR:app:Exception on /post [GET]
Traceback (most recent call last):
  File "D:\Python\homework12\lesson12_project_source_v3-master\venv\lib\site-packages\flask\app.py", line 2077, in wsgi_app
    response = self.full_dispatch_request()
  File "D:\Python\homework12\lesson12_project_source_v3-master\venv\lib\site-packages\flask\app.py", line 1525, in full_dispatch_request
    rv = self.handle_user_exception(e)
  File "D:\Python\homework12\lesson12_project_source_v3-master\venv\lib\site-packages\flask\app.py", line 1523, in full_dispatch_request
    rv = self.dispatch_request()
  File "D:\Python\homework12\lesson12_project_source_v3-master\venv\lib\site-packages\flask\app.py", line 1509, in dispatch_request
    return self.ensure_sync(self.view_functions[rule.endpoint])(**req.view_args)
  File "D:\Python\homework12\lesson12_project_source_v3-master\loader\views.py", line 10, in create_new_post_page
    return render_template("post_form.html")
  File "D:\Python\homework12\lesson12_project_source_v3-master\venv\lib\site-packages\flask\templating.py", line 149, in render_template
    ctx.app.jinja_env.get_or_select_template(template_name_or_list),
  File "D:\Python\homework12\lesson12_project_source_v3-master\venv\lib\site-packages\jinja2\environment.py", line 1081, in get_or_select_template
    return self.get_template(template_name_or_list, parent, globals)
  File "D:\Python\homework12\lesson12_project_source_v3-master\venv\lib\site-packages\jinja2\environment.py", line 1010, in get_template
    return self._load_template(name, globals)
  File "D:\Python\homework12\lesson12_project_source_v3-master\venv\lib\site-packages\jinja2\environment.py", line 969, in _load_template
    template = self.loader.load(self, name, self.make_globals(globals))
  File "D:\Python\homework12\lesson12_project_source_v3-master\venv\lib\site-packages\jinja2\loaders.py", line 126, in load
    source, filename, uptodate = self.get_source(environment, name)
  File "D:\Python\homework12\lesson12_project_source_v3-master\venv\lib\site-packages\flask\templating.py", line 59, in get_source
    return self._get_source_fast(environment, template)
  File "D:\Python\homework12\lesson12_project_source_v3-master\venv\lib\site-packages\flask\templating.py", line 95, in _get_source_fast
    raise TemplateNotFound(template)
jinja2.exceptions.TemplateNotFound: post_form.html
INFO:werkzeug:127.0.0.1 - - [06/May/2022 12:59:28] "[35m[1mGET /post HTTP/1.1[0m" 500 -
ERROR:app:Exception on /post [GET]
Traceback (most recent call last):
  File "D:\Python\homework12\lesson12_project_source_v3-master\venv\lib\site-packages\flask\app.py", line 2077, in wsgi_app
    response = self.full_dispatch_request()
  File "D:\Python\homework12\lesson12_project_source_v3-master\venv\lib\site-packages\flask\app.py", line 1525, in full_dispatch_request
    rv = self.handle_user_exception(e)
  File "D:\Python\homework12\lesson12_project_source_v3-master\venv\lib\site-packages\flask\app.py", line 1523, in full_dispatch_request
    rv = self.dispatch_request()
  File "D:\Python\homework12\lesson12_project_source_v3-master\venv\lib\site-packages\flask\app.py", line 1509, in dispatch_request
    return self.ensure_sync(self.view_functions[rule.endpoint])(**req.view_args)
  File "D:\Python\homework12\lesson12_project_source_v3-master\loader\views.py", line 10, in create_new_post_page
    return render_template("post_form.html")
  File "D:\Python\homework12\lesson12_project_source_v3-master\venv\lib\site-packages\flask\templating.py", line 149, in render_template
    ctx.app.jinja_env.get_or_select_template(template_name_or_list),
  File "D:\Python\homework12\lesson12_project_source_v3-master\venv\lib\site-packages\jinja2\environment.py", line 1081, in get_or_select_template
    return self.get_template(template_name_or_list, parent, globals)
  File "D:\Python\homework12\lesson12_project_source_v3-master\venv\lib\site-packages\jinja2\environment.py", line 1010, in get_template
    return self._load_template(name, globals)
  File "D:\Python\homework12\lesson12_project_source_v3-master\venv\lib\site-packages\jinja2\environment.py", line 969, in _load_template
    template = self.loader.load(self, name, self.make_globals(globals))
  File "D:\Python\homework12\lesson12_project_source_v3-master\venv\lib\site-packages\jinja2\loaders.py", line 126, in load
    source, filename, uptodate = self.get_source(environment, name)
  File "D:\Python\homework12\lesson12_project_source_v3-master\venv\lib\site-packages\flask\templating.py", line 59, in get_source
    return self._get_source_fast(environment, template)
  File "D:\Python\homework12\lesson12_project_source_v3-master\venv\lib\site-packages\flask\templating.py", line 95, in _get_source_fast
    raise TemplateNotFound(template)
jinja2.exceptions.TemplateNotFound: post_form.html
INFO:werkzeug:127.0.0.1 - - [06/May/2022 12:59:28] "[35m[1mGET /post HTTP/1.1[0m" 500 -
INFO:werkzeug: * Running on http://127.0.0.1:5000 (Press CTRL+C to quit)
ERROR:app:Exception on /post [GET]
Traceback (most recent call last):
  File "D:\Python\homework12\lesson12_project_source_v3-master\venv\lib\site-packages\flask\app.py", line 2077, in wsgi_app
    response = self.full_dispatch_request()
  File "D:\Python\homework12\lesson12_project_source_v3-master\venv\lib\site-packages\flask\app.py", line 1525, in full_dispatch_request
    rv = self.handle_user_exception(e)
  File "D:\Python\homework12\lesson12_project_source_v3-master\venv\lib\site-packages\flask\app.py", line 1523, in full_dispatch_request
    rv = self.dispatch_request()
  File "D:\Python\homework12\lesson12_project_source_v3-master\venv\lib\site-packages\flask\app.py", line 1509, in dispatch_request
    return self.ensure_sync(self.view_functions[rule.endpoint])(**req.view_args)
  File "D:\Python\homework12\lesson12_project_source_v3-master\loader\views.py", line 10, in create_new_post_page
    return render_template("post_form.html")
  File "D:\Python\homework12\lesson12_project_source_v3-master\venv\lib\site-packages\flask\templating.py", line 149, in render_template
    ctx.app.jinja_env.get_or_select_template(template_name_or_list),
  File "D:\Python\homework12\lesson12_project_source_v3-master\venv\lib\site-packages\jinja2\environment.py", line 1081, in get_or_select_template
    return self.get_template(template_name_or_list, parent, globals)
  File "D:\Python\homework12\lesson12_project_source_v3-master\venv\lib\site-packages\jinja2\environment.py", line 1010, in get_template
    return self._load_template(name, globals)
  File "D:\Python\homework12\lesson12_project_source_v3-master\venv\lib\site-packages\jinja2\environment.py", line 969, in _load_template
    template = self.loader.load(self, name, self.make_globals(globals))
  File "D:\Python\homework12\lesson12_project_source_v3-master\venv\lib\site-packages\jinja2\loaders.py", line 126, in load
    source, filename, uptodate = self.get_source(environment, name)
  File "D:\Python\homework12\lesson12_project_source_v3-master\venv\lib\site-packages\flask\templating.py", line 59, in get_source
    return self._get_source_fast(environment, template)
  File "D:\Python\homework12\lesson12_project_source_v3-master\venv\lib\site-packages\flask\templating.py", line 95, in _get_source_fast
    raise TemplateNotFound(template)
jinja2.exceptions.TemplateNotFound: post_form.html
INFO:werkzeug:127.0.0.1 - - [06/May/2022 14:02:33] "[35m[1mGET /post HTTP/1.1[0m" 500 -
ERROR:app:Exception on /post [GET]
Traceback (most recent call last):
  File "D:\Python\homework12\lesson12_project_source_v3-master\venv\lib\site-packages\flask\app.py", line 2077, in wsgi_app
    response = self.full_dispatch_request()
  File "D:\Python\homework12\lesson12_project_source_v3-master\venv\lib\site-packages\flask\app.py", line 1525, in full_dispatch_request
    rv = self.handle_user_exception(e)
  File "D:\Python\homework12\lesson12_project_source_v3-master\venv\lib\site-packages\flask\app.py", line 1523, in full_dispatch_request
    rv = self.dispatch_request()
  File "D:\Python\homework12\lesson12_project_source_v3-master\venv\lib\site-packages\flask\app.py", line 1509, in dispatch_request
    return self.ensure_sync(self.view_functions[rule.endpoint])(**req.view_args)
  File "D:\Python\homework12\lesson12_project_source_v3-master\loader\views.py", line 10, in create_new_post_page
    return render_template("post_form.html")
  File "D:\Python\homework12\lesson12_project_source_v3-master\venv\lib\site-packages\flask\templating.py", line 149, in render_template
    ctx.app.jinja_env.get_or_select_template(template_name_or_list),
  File "D:\Python\homework12\lesson12_project_source_v3-master\venv\lib\site-packages\jinja2\environment.py", line 1081, in get_or_select_template
    return self.get_template(template_name_or_list, parent, globals)
  File "D:\Python\homework12\lesson12_project_source_v3-master\venv\lib\site-packages\jinja2\environment.py", line 1010, in get_template
    return self._load_template(name, globals)
  File "D:\Python\homework12\lesson12_project_source_v3-master\venv\lib\site-packages\jinja2\environment.py", line 969, in _load_template
    template = self.loader.load(self, name, self.make_globals(globals))
  File "D:\Python\homework12\lesson12_project_source_v3-master\venv\lib\site-packages\jinja2\loaders.py", line 126, in load
    source, filename, uptodate = self.get_source(environment, name)
  File "D:\Python\homework12\lesson12_project_source_v3-master\venv\lib\site-packages\flask\templating.py", line 59, in get_source
    return self._get_source_fast(environment, template)
  File "D:\Python\homework12\lesson12_project_source_v3-master\venv\lib\site-packages\flask\templating.py", line 95, in _get_source_fast
    raise TemplateNotFound(template)
jinja2.exceptions.TemplateNotFound: post_form.html
INFO:werkzeug:127.0.0.1 - - [06/May/2022 14:02:35] "[35m[1mGET /post HTTP/1.1[0m" 500 -
ERROR:app:Exception on /post [GET]
Traceback (most recent call last):
  File "D:\Python\homework12\lesson12_project_source_v3-master\venv\lib\site-packages\flask\app.py", line 2077, in wsgi_app
    response = self.full_dispatch_request()
  File "D:\Python\homework12\lesson12_project_source_v3-master\venv\lib\site-packages\flask\app.py", line 1525, in full_dispatch_request
    rv = self.handle_user_exception(e)
  File "D:\Python\homework12\lesson12_project_source_v3-master\venv\lib\site-packages\flask\app.py", line 1523, in full_dispatch_request
    rv = self.dispatch_request()
  File "D:\Python\homework12\lesson12_project_source_v3-master\venv\lib\site-packages\flask\app.py", line 1509, in dispatch_request
    return self.ensure_sync(self.view_functions[rule.endpoint])(**req.view_args)
  File "D:\Python\homework12\lesson12_project_source_v3-master\loader\views.py", line 10, in create_new_post_page
    return render_template("post_form.html")
  File "D:\Python\homework12\lesson12_project_source_v3-master\venv\lib\site-packages\flask\templating.py", line 149, in render_template
    ctx.app.jinja_env.get_or_select_template(template_name_or_list),
  File "D:\Python\homework12\lesson12_project_source_v3-master\venv\lib\site-packages\jinja2\environment.py", line 1081, in get_or_select_template
    return self.get_template(template_name_or_list, parent, globals)
  File "D:\Python\homework12\lesson12_project_source_v3-master\venv\lib\site-packages\jinja2\environment.py", line 1010, in get_template
    return self._load_template(name, globals)
  File "D:\Python\homework12\lesson12_project_source_v3-master\venv\lib\site-packages\jinja2\environment.py", line 969, in _load_template
    template = self.loader.load(self, name, self.make_globals(globals))
  File "D:\Python\homework12\lesson12_project_source_v3-master\venv\lib\site-packages\jinja2\loaders.py", line 126, in load
    source, filename, uptodate = self.get_source(environment, name)
  File "D:\Python\homework12\lesson12_project_source_v3-master\venv\lib\site-packages\flask\templating.py", line 59, in get_source
    return self._get_source_fast(environment, template)
  File "D:\Python\homework12\lesson12_project_source_v3-master\venv\lib\site-packages\flask\templating.py", line 95, in _get_source_fast
    raise TemplateNotFound(template)
jinja2.exceptions.TemplateNotFound: post_form.html
INFO:werkzeug:127.0.0.1 - - [06/May/2022 14:02:35] "[35m[1mGET /post HTTP/1.1[0m" 500 -
INFO:werkzeug: * Running on http://127.0.0.1:5000 (Press CTRL+C to quit)
ERROR:app:Exception on /post [GET]
Traceback (most recent call last):
  File "D:\Python\homework12\lesson12_project_source_v3-master\venv\lib\site-packages\flask\app.py", line 2077, in wsgi_app
    response = self.full_dispatch_request()
  File "D:\Python\homework12\lesson12_project_source_v3-master\venv\lib\site-packages\flask\app.py", line 1525, in full_dispatch_request
    rv = self.handle_user_exception(e)
  File "D:\Python\homework12\lesson12_project_source_v3-master\venv\lib\site-packages\flask\app.py", line 1523, in full_dispatch_request
    rv = self.dispatch_request()
  File "D:\Python\homework12\lesson12_project_source_v3-master\venv\lib\site-packages\flask\app.py", line 1509, in dispatch_request
    return self.ensure_sync(self.view_functions[rule.endpoint])(**req.view_args)
  File "D:\Python\homework12\lesson12_project_source_v3-master\loader\views.py", line 10, in create_new_post_page
    return render_template("post_form.html")
  File "D:\Python\homework12\lesson12_project_source_v3-master\venv\lib\site-packages\flask\templating.py", line 149, in render_template
    ctx.app.jinja_env.get_or_select_template(template_name_or_list),
  File "D:\Python\homework12\lesson12_project_source_v3-master\venv\lib\site-packages\jinja2\environment.py", line 1081, in get_or_select_template
    return self.get_template(template_name_or_list, parent, globals)
  File "D:\Python\homework12\lesson12_project_source_v3-master\venv\lib\site-packages\jinja2\environment.py", line 1010, in get_template
    return self._load_template(name, globals)
  File "D:\Python\homework12\lesson12_project_source_v3-master\venv\lib\site-packages\jinja2\environment.py", line 969, in _load_template
    template = self.loader.load(self, name, self.make_globals(globals))
  File "D:\Python\homework12\lesson12_project_source_v3-master\venv\lib\site-packages\jinja2\loaders.py", line 126, in load
    source, filename, uptodate = self.get_source(environment, name)
  File "D:\Python\homework12\lesson12_project_source_v3-master\venv\lib\site-packages\flask\templating.py", line 59, in get_source
    return self._get_source_fast(environment, template)
  File "D:\Python\homework12\lesson12_project_source_v3-master\venv\lib\site-packages\flask\templating.py", line 95, in _get_source_fast
    raise TemplateNotFound(template)
jinja2.exceptions.TemplateNotFound: post_form.html
INFO:werkzeug:127.0.0.1 - - [06/May/2022 14:05:08] "[35m[1mGET /post HTTP/1.1[0m" 500 -
ERROR:app:Exception on /post [GET]
Traceback (most recent call last):
  File "D:\Python\homework12\lesson12_project_source_v3-master\venv\lib\site-packages\flask\app.py", line 2077, in wsgi_app
    response = self.full_dispatch_request()
  File "D:\Python\homework12\lesson12_project_source_v3-master\venv\lib\site-packages\flask\app.py", line 1525, in full_dispatch_request
    rv = self.handle_user_exception(e)
  File "D:\Python\homework12\lesson12_project_source_v3-master\venv\lib\site-packages\flask\app.py", line 1523, in full_dispatch_request
    rv = self.dispatch_request()
  File "D:\Python\homework12\lesson12_project_source_v3-master\venv\lib\site-packages\flask\app.py", line 1509, in dispatch_request
    return self.ensure_sync(self.view_functions[rule.endpoint])(**req.view_args)
  File "D:\Python\homework12\lesson12_project_source_v3-master\loader\views.py", line 10, in create_new_post_page
    return render_template("post_form.html")
  File "D:\Python\homework12\lesson12_project_source_v3-master\venv\lib\site-packages\flask\templating.py", line 149, in render_template
    ctx.app.jinja_env.get_or_select_template(template_name_or_list),
  File "D:\Python\homework12\lesson12_project_source_v3-master\venv\lib\site-packages\jinja2\environment.py", line 1081, in get_or_select_template
    return self.get_template(template_name_or_list, parent, globals)
  File "D:\Python\homework12\lesson12_project_source_v3-master\venv\lib\site-packages\jinja2\environment.py", line 1010, in get_template
    return self._load_template(name, globals)
  File "D:\Python\homework12\lesson12_project_source_v3-master\venv\lib\site-packages\jinja2\environment.py", line 969, in _load_template
    template = self.loader.load(self, name, self.make_globals(globals))
  File "D:\Python\homework12\lesson12_project_source_v3-master\venv\lib\site-packages\jinja2\loaders.py", line 126, in load
    source, filename, uptodate = self.get_source(environment, name)
  File "D:\Python\homework12\lesson12_project_source_v3-master\venv\lib\site-packages\flask\templating.py", line 59, in get_source
    return self._get_source_fast(environment, template)
  File "D:\Python\homework12\lesson12_project_source_v3-master\venv\lib\site-packages\flask\templating.py", line 95, in _get_source_fast
    raise TemplateNotFound(template)
jinja2.exceptions.TemplateNotFound: post_form.html
INFO:werkzeug:127.0.0.1 - - [06/May/2022 14:05:09] "[35m[1mGET /post HTTP/1.1[0m" 500 -
INFO:werkzeug: * Running on http://127.0.0.1:5000 (Press CTRL+C to quit)
INFO:root:Открытие главной страницы
INFO:werkzeug:127.0.0.1 - - [06/May/2022 14:15:31] "GET / HTTP/1.1" 200 -
INFO:werkzeug:127.0.0.1 - - [06/May/2022 14:15:31] "[36mGET /static/style.css HTTP/1.1[0m" 304 -
ERROR:app:Exception on /post [GET]
Traceback (most recent call last):
  File "D:\Python\homework12\lesson12_project_source_v3-master\venv\lib\site-packages\flask\app.py", line 2077, in wsgi_app
    response = self.full_dispatch_request()
  File "D:\Python\homework12\lesson12_project_source_v3-master\venv\lib\site-packages\flask\app.py", line 1525, in full_dispatch_request
    rv = self.handle_user_exception(e)
  File "D:\Python\homework12\lesson12_project_source_v3-master\venv\lib\site-packages\flask\app.py", line 1523, in full_dispatch_request
    rv = self.dispatch_request()
  File "D:\Python\homework12\lesson12_project_source_v3-master\venv\lib\site-packages\flask\app.py", line 1509, in dispatch_request
    return self.ensure_sync(self.view_functions[rule.endpoint])(**req.view_args)
  File "D:\Python\homework12\lesson12_project_source_v3-master\loader\views.py", line 10, in create_new_post_page
    return render_template("post_form.html")
  File "D:\Python\homework12\lesson12_project_source_v3-master\venv\lib\site-packages\flask\templating.py", line 149, in render_template
    ctx.app.jinja_env.get_or_select_template(template_name_or_list),
  File "D:\Python\homework12\lesson12_project_source_v3-master\venv\lib\site-packages\jinja2\environment.py", line 1081, in get_or_select_template
    return self.get_template(template_name_or_list, parent, globals)
  File "D:\Python\homework12\lesson12_project_source_v3-master\venv\lib\site-packages\jinja2\environment.py", line 1010, in get_template
    return self._load_template(name, globals)
  File "D:\Python\homework12\lesson12_project_source_v3-master\venv\lib\site-packages\jinja2\environment.py", line 969, in _load_template
    template = self.loader.load(self, name, self.make_globals(globals))
  File "D:\Python\homework12\lesson12_project_source_v3-master\venv\lib\site-packages\jinja2\loaders.py", line 126, in load
    source, filename, uptodate = self.get_source(environment, name)
  File "D:\Python\homework12\lesson12_project_source_v3-master\venv\lib\site-packages\flask\templating.py", line 59, in get_source
    return self._get_source_fast(environment, template)
  File "D:\Python\homework12\lesson12_project_source_v3-master\venv\lib\site-packages\flask\templating.py", line 95, in _get_source_fast
    raise TemplateNotFound(template)
jinja2.exceptions.TemplateNotFound: post_form.html
INFO:werkzeug:127.0.0.1 - - [06/May/2022 14:15:35] "[35m[1mGET /post HTTP/1.1[0m" 500 -
INFO:werkzeug: * Running on http://127.0.0.1:5000 (Press CTRL+C to quit)
ERROR:app:Exception on /post [GET]
Traceback (most recent call last):
  File "D:\Python\homework12\lesson12_project_source_v3-master\venv\lib\site-packages\flask\app.py", line 2077, in wsgi_app
    response = self.full_dispatch_request()
  File "D:\Python\homework12\lesson12_project_source_v3-master\venv\lib\site-packages\flask\app.py", line 1525, in full_dispatch_request
    rv = self.handle_user_exception(e)
  File "D:\Python\homework12\lesson12_project_source_v3-master\venv\lib\site-packages\flask\app.py", line 1523, in full_dispatch_request
    rv = self.dispatch_request()
  File "D:\Python\homework12\lesson12_project_source_v3-master\venv\lib\site-packages\flask\app.py", line 1509, in dispatch_request
    return self.ensure_sync(self.view_functions[rule.endpoint])(**req.view_args)
  File "D:\Python\homework12\lesson12_project_source_v3-master\loader\views.py", line 10, in create_new_post_page
    return render_template("post_form.html")
  File "D:\Python\homework12\lesson12_project_source_v3-master\venv\lib\site-packages\flask\templating.py", line 149, in render_template
    ctx.app.jinja_env.get_or_select_template(template_name_or_list),
  File "D:\Python\homework12\lesson12_project_source_v3-master\venv\lib\site-packages\jinja2\environment.py", line 1081, in get_or_select_template
    return self.get_template(template_name_or_list, parent, globals)
  File "D:\Python\homework12\lesson12_project_source_v3-master\venv\lib\site-packages\jinja2\environment.py", line 1010, in get_template
    return self._load_template(name, globals)
  File "D:\Python\homework12\lesson12_project_source_v3-master\venv\lib\site-packages\jinja2\environment.py", line 969, in _load_template
    template = self.loader.load(self, name, self.make_globals(globals))
  File "D:\Python\homework12\lesson12_project_source_v3-master\venv\lib\site-packages\jinja2\loaders.py", line 126, in load
    source, filename, uptodate = self.get_source(environment, name)
  File "D:\Python\homework12\lesson12_project_source_v3-master\venv\lib\site-packages\flask\templating.py", line 59, in get_source
    return self._get_source_fast(environment, template)
  File "D:\Python\homework12\lesson12_project_source_v3-master\venv\lib\site-packages\flask\templating.py", line 95, in _get_source_fast
    raise TemplateNotFound(template)
jinja2.exceptions.TemplateNotFound: post_form.html
INFO:werkzeug:127.0.0.1 - - [06/May/2022 14:20:38] "[35m[1mGET /post HTTP/1.1[0m" 500 -
ERROR:app:Exception on /post [GET]
Traceback (most recent call last):
  File "D:\Python\homework12\lesson12_project_source_v3-master\venv\lib\site-packages\flask\app.py", line 2077, in wsgi_app
    response = self.full_dispatch_request()
  File "D:\Python\homework12\lesson12_project_source_v3-master\venv\lib\site-packages\flask\app.py", line 1525, in full_dispatch_request
    rv = self.handle_user_exception(e)
  File "D:\Python\homework12\lesson12_project_source_v3-master\venv\lib\site-packages\flask\app.py", line 1523, in full_dispatch_request
    rv = self.dispatch_request()
  File "D:\Python\homework12\lesson12_project_source_v3-master\venv\lib\site-packages\flask\app.py", line 1509, in dispatch_request
    return self.ensure_sync(self.view_functions[rule.endpoint])(**req.view_args)
  File "D:\Python\homework12\lesson12_project_source_v3-master\loader\views.py", line 10, in create_new_post_page
    return render_template("post_form.html")
  File "D:\Python\homework12\lesson12_project_source_v3-master\venv\lib\site-packages\flask\templating.py", line 149, in render_template
    ctx.app.jinja_env.get_or_select_template(template_name_or_list),
  File "D:\Python\homework12\lesson12_project_source_v3-master\venv\lib\site-packages\jinja2\environment.py", line 1081, in get_or_select_template
    return self.get_template(template_name_or_list, parent, globals)
  File "D:\Python\homework12\lesson12_project_source_v3-master\venv\lib\site-packages\jinja2\environment.py", line 1010, in get_template
    return self._load_template(name, globals)
  File "D:\Python\homework12\lesson12_project_source_v3-master\venv\lib\site-packages\jinja2\environment.py", line 969, in _load_template
    template = self.loader.load(self, name, self.make_globals(globals))
  File "D:\Python\homework12\lesson12_project_source_v3-master\venv\lib\site-packages\jinja2\loaders.py", line 126, in load
    source, filename, uptodate = self.get_source(environment, name)
  File "D:\Python\homework12\lesson12_project_source_v3-master\venv\lib\site-packages\flask\templating.py", line 59, in get_source
    return self._get_source_fast(environment, template)
  File "D:\Python\homework12\lesson12_project_source_v3-master\venv\lib\site-packages\flask\templating.py", line 95, in _get_source_fast
    raise TemplateNotFound(template)
jinja2.exceptions.TemplateNotFound: post_form.html
INFO:werkzeug:127.0.0.1 - - [06/May/2022 14:20:42] "[35m[1mGET /post HTTP/1.1[0m" 500 -
INFO:werkzeug: * Running on http://127.0.0.1:5000 (Press CTRL+C to quit)
INFO:werkzeug:127.0.0.1 - - [06/May/2022 14:21:39] "GET /post HTTP/1.1" 200 -
INFO:werkzeug:127.0.0.1 - - [06/May/2022 14:21:39] "[36mGET /static/style.css HTTP/1.1[0m" 304 -
INFO:werkzeug: * Running on http://127.0.0.1:5000 (Press CTRL+C to quit)
INFO:root:Открытие главной страницы
INFO:werkzeug:127.0.0.1 - - [06/May/2022 15:03:19] "GET / HTTP/1.1" 200 -
INFO:werkzeug:127.0.0.1 - - [06/May/2022 15:03:19] "[36mGET /static/style.css HTTP/1.1[0m" 304 -
INFO:root:Выполняется поиск
INFO:werkzeug:127.0.0.1 - - [06/May/2022 15:03:21] "GET /search?s=в HTTP/1.1" 200 -
INFO:werkzeug:127.0.0.1 - - [06/May/2022 15:03:21] "[36mGET /static/style.css HTTP/1.1[0m" 304 -
INFO:werkzeug:127.0.0.1 - - [06/May/2022 15:03:25] "GET /post HTTP/1.1" 200 -
INFO:werkzeug:127.0.0.1 - - [06/May/2022 15:03:25] "[36mGET /static/style.css HTTP/1.1[0m" 304 -
INFO:werkzeug:127.0.0.1 - - [06/May/2022 15:03:40] "POST /post HTTP/1.1" 200 -
INFO:werkzeug: * Running on http://127.0.0.1:5000 (Press CTRL+C to quit)
INFO:werkzeug:127.0.0.1 - - [06/May/2022 15:16:28] "GET /post HTTP/1.1" 200 -
ERROR:app:Exception on /post [POST]
Traceback (most recent call last):
  File "D:\Python\homework12\lesson12_project_source_v3-master\venv\lib\site-packages\flask\app.py", line 2077, in wsgi_app
    response = self.full_dispatch_request()
  File "D:\Python\homework12\lesson12_project_source_v3-master\venv\lib\site-packages\flask\app.py", line 1525, in full_dispatch_request
    rv = self.handle_user_exception(e)
  File "D:\Python\homework12\lesson12_project_source_v3-master\venv\lib\site-packages\flask\app.py", line 1523, in full_dispatch_request
    rv = self.dispatch_request()
  File "D:\Python\homework12\lesson12_project_source_v3-master\venv\lib\site-packages\flask\app.py", line 1509, in dispatch_request
    return self.ensure_sync(self.view_functions[rule.endpoint])(**req.view_args)
  File "D:\Python\homework12\lesson12_project_source_v3-master\loader\views.py", line 30, in create_new_post_by_user
    json.dump(posts, file)
NameError: name 'json' is not defined
INFO:werkzeug:127.0.0.1 - - [06/May/2022 15:16:53] "[35m[1mPOST /post HTTP/1.1[0m" 500 -
INFO:werkzeug: * Running on http://127.0.0.1:5000 (Press CTRL+C to quit)
ERROR:app:Exception on /post [POST]
Traceback (most recent call last):
  File "D:\Python\homework12\lesson12_project_source_v3-master\main\utils.py", line 8, in load_json_data
    return json.load(file)
  File "C:\Users\kuriv\AppData\Local\Programs\Python\Python310\lib\json\__init__.py", line 293, in load
    return loads(fp.read(),
  File "C:\Users\kuriv\AppData\Local\Programs\Python\Python310\lib\json\__init__.py", line 346, in loads
    return _default_decoder.decode(s)
  File "C:\Users\kuriv\AppData\Local\Programs\Python\Python310\lib\json\decoder.py", line 337, in decode
    obj, end = self.raw_decode(s, idx=_w(s, 0).end())
  File "C:\Users\kuriv\AppData\Local\Programs\Python\Python310\lib\json\decoder.py", line 355, in raw_decode
    raise JSONDecodeError("Expecting value", s, err.value) from None
json.decoder.JSONDecodeError: Expecting value: line 1 column 1 (char 0)

During handling of the above exception, another exception occurred:

Traceback (most recent call last):
  File "D:\Python\homework12\lesson12_project_source_v3-master\venv\lib\site-packages\flask\app.py", line 2077, in wsgi_app
    response = self.full_dispatch_request()
  File "D:\Python\homework12\lesson12_project_source_v3-master\venv\lib\site-packages\flask\app.py", line 1525, in full_dispatch_request
    rv = self.handle_user_exception(e)
  File "D:\Python\homework12\lesson12_project_source_v3-master\venv\lib\site-packages\flask\app.py", line 1523, in full_dispatch_request
    rv = self.dispatch_request()
  File "D:\Python\homework12\lesson12_project_source_v3-master\venv\lib\site-packages\flask\app.py", line 1509, in dispatch_request
    return self.ensure_sync(self.view_functions[rule.endpoint])(**req.view_args)
  File "D:\Python\homework12\lesson12_project_source_v3-master\loader\views.py", line 25, in create_new_post_by_user
    posts = utils.load_json_data(POST_PATH)
  File "D:\Python\homework12\lesson12_project_source_v3-master\main\utils.py", line 10, in load_json_data
    raise DataJsonError
exceptions.DataJsonError
INFO:werkzeug:127.0.0.1 - - [06/May/2022 15:18:42] "[35m[1mPOST /post HTTP/1.1[0m" 500 -
INFO:root:Открытие главной страницы
INFO:werkzeug:127.0.0.1 - - [06/May/2022 15:21:19] "GET / HTTP/1.1" 200 -
INFO:werkzeug:127.0.0.1 - - [06/May/2022 15:21:19] "[36mGET /static/style.css HTTP/1.1[0m" 304 -
INFO:werkzeug:127.0.0.1 - - [06/May/2022 15:21:22] "GET /post HTTP/1.1" 200 -
INFO:werkzeug:127.0.0.1 - - [06/May/2022 15:21:22] "[36mGET /static/style.css HTTP/1.1[0m" 304 -
ERROR:app:Exception on /post [POST]
Traceback (most recent call last):
  File "D:\Python\homework12\lesson12_project_source_v3-master\main\utils.py", line 8, in load_json_data
    return json.load(file)
  File "C:\Users\kuriv\AppData\Local\Programs\Python\Python310\lib\json\__init__.py", line 293, in load
    return loads(fp.read(),
  File "C:\Users\kuriv\AppData\Local\Programs\Python\Python310\lib\json\__init__.py", line 346, in loads
    return _default_decoder.decode(s)
  File "C:\Users\kuriv\AppData\Local\Programs\Python\Python310\lib\json\decoder.py", line 337, in decode
    obj, end = self.raw_decode(s, idx=_w(s, 0).end())
  File "C:\Users\kuriv\AppData\Local\Programs\Python\Python310\lib\json\decoder.py", line 355, in raw_decode
    raise JSONDecodeError("Expecting value", s, err.value) from None
json.decoder.JSONDecodeError: Expecting value: line 1 column 1 (char 0)

During handling of the above exception, another exception occurred:

Traceback (most recent call last):
  File "D:\Python\homework12\lesson12_project_source_v3-master\venv\lib\site-packages\flask\app.py", line 2077, in wsgi_app
    response = self.full_dispatch_request()
  File "D:\Python\homework12\lesson12_project_source_v3-master\venv\lib\site-packages\flask\app.py", line 1525, in full_dispatch_request
    rv = self.handle_user_exception(e)
  File "D:\Python\homework12\lesson12_project_source_v3-master\venv\lib\site-packages\flask\app.py", line 1523, in full_dispatch_request
    rv = self.dispatch_request()
  File "D:\Python\homework12\lesson12_project_source_v3-master\venv\lib\site-packages\flask\app.py", line 1509, in dispatch_request
    return self.ensure_sync(self.view_functions[rule.endpoint])(**req.view_args)
  File "D:\Python\homework12\lesson12_project_source_v3-master\loader\views.py", line 25, in create_new_post_by_user
    posts = utils.load_json_data(POST_PATH)
  File "D:\Python\homework12\lesson12_project_source_v3-master\main\utils.py", line 10, in load_json_data
    raise DataJsonError
exceptions.DataJsonError
INFO:werkzeug:127.0.0.1 - - [06/May/2022 15:21:37] "[35m[1mPOST /post HTTP/1.1[0m" 500 -
INFO:werkzeug: * Running on http://127.0.0.1:5000 (Press CTRL+C to quit)
INFO:werkzeug: * Running on http://127.0.0.1:5000 (Press CTRL+C to quit)
INFO:root:Открытие главной страницы
INFO:werkzeug:127.0.0.1 - - [11/May/2022 19:17:05] "GET / HTTP/1.1" 200 -
INFO:werkzeug:127.0.0.1 - - [11/May/2022 19:17:05] "[36mGET /static/style.css HTTP/1.1[0m" 304 -
INFO:werkzeug:127.0.0.1 - - [11/May/2022 19:17:05] "[33mGET /favicon.ico HTTP/1.1[0m" 404 -
INFO:werkzeug:127.0.0.1 - - [11/May/2022 19:17:08] "GET /post HTTP/1.1" 200 -
INFO:werkzeug:127.0.0.1 - - [11/May/2022 19:17:08] "[36mGET /static/style.css HTTP/1.1[0m" 304 -
ERROR:app:Exception on /post [POST]
Traceback (most recent call last):
  File "D:\Python\homework12\lesson12_project_source_v3-master\main\utils.py", line 8, in load_json_data
    return json.load(file)
  File "C:\Users\kuriv\AppData\Local\Programs\Python\Python310\lib\json\__init__.py", line 293, in load
    return loads(fp.read(),
  File "C:\Users\kuriv\AppData\Local\Programs\Python\Python310\lib\json\__init__.py", line 346, in loads
    return _default_decoder.decode(s)
  File "C:\Users\kuriv\AppData\Local\Programs\Python\Python310\lib\json\decoder.py", line 337, in decode
    obj, end = self.raw_decode(s, idx=_w(s, 0).end())
  File "C:\Users\kuriv\AppData\Local\Programs\Python\Python310\lib\json\decoder.py", line 355, in raw_decode
    raise JSONDecodeError("Expecting value", s, err.value) from None
json.decoder.JSONDecodeError: Expecting value: line 1 column 1 (char 0)

During handling of the above exception, another exception occurred:

Traceback (most recent call last):
  File "D:\Python\homework12\lesson12_project_source_v3-master\venv\lib\site-packages\flask\app.py", line 2077, in wsgi_app
    response = self.full_dispatch_request()
  File "D:\Python\homework12\lesson12_project_source_v3-master\venv\lib\site-packages\flask\app.py", line 1525, in full_dispatch_request
    rv = self.handle_user_exception(e)
  File "D:\Python\homework12\lesson12_project_source_v3-master\venv\lib\site-packages\flask\app.py", line 1523, in full_dispatch_request
    rv = self.dispatch_request()
  File "D:\Python\homework12\lesson12_project_source_v3-master\venv\lib\site-packages\flask\app.py", line 1509, in dispatch_request
    return self.ensure_sync(self.view_functions[rule.endpoint])(**req.view_args)
  File "D:\Python\homework12\lesson12_project_source_v3-master\loader\views.py", line 25, in create_new_post_by_user
    posts = utils.load_json_data(POST_PATH)
  File "D:\Python\homework12\lesson12_project_source_v3-master\main\utils.py", line 10, in load_json_data
    raise DataJsonError
exceptions.DataJsonError
INFO:werkzeug:127.0.0.1 - - [11/May/2022 19:17:24] "[35m[1mPOST /post HTTP/1.1[0m" 500 -
INFO:werkzeug: * Running on http://127.0.0.1:5000 (Press CTRL+C to quit)
ERROR:app:Exception on /post [POST]
Traceback (most recent call last):
  File "D:\Python\homework12\lesson12_project_source_v3-master\main\utils.py", line 8, in load_json_data
    return json.load(file)
  File "C:\Users\kuriv\AppData\Local\Programs\Python\Python310\lib\json\__init__.py", line 293, in load
    return loads(fp.read(),
  File "C:\Users\kuriv\AppData\Local\Programs\Python\Python310\lib\json\__init__.py", line 346, in loads
    return _default_decoder.decode(s)
  File "C:\Users\kuriv\AppData\Local\Programs\Python\Python310\lib\json\decoder.py", line 337, in decode
    obj, end = self.raw_decode(s, idx=_w(s, 0).end())
  File "C:\Users\kuriv\AppData\Local\Programs\Python\Python310\lib\json\decoder.py", line 355, in raw_decode
    raise JSONDecodeError("Expecting value", s, err.value) from None
json.decoder.JSONDecodeError: Expecting value: line 1 column 1 (char 0)

During handling of the above exception, another exception occurred:

Traceback (most recent call last):
  File "D:\Python\homework12\lesson12_project_source_v3-master\venv\lib\site-packages\flask\app.py", line 2077, in wsgi_app
    response = self.full_dispatch_request()
  File "D:\Python\homework12\lesson12_project_source_v3-master\venv\lib\site-packages\flask\app.py", line 1525, in full_dispatch_request
    rv = self.handle_user_exception(e)
  File "D:\Python\homework12\lesson12_project_source_v3-master\venv\lib\site-packages\flask\app.py", line 1523, in full_dispatch_request
    rv = self.dispatch_request()
  File "D:\Python\homework12\lesson12_project_source_v3-master\venv\lib\site-packages\flask\app.py", line 1509, in dispatch_request
    return self.ensure_sync(self.view_functions[rule.endpoint])(**req.view_args)
  File "D:\Python\homework12\lesson12_project_source_v3-master\loader\views.py", line 25, in create_new_post_by_user
    posts = utils.load_json_data(POST_PATH)
  File "D:\Python\homework12\lesson12_project_source_v3-master\main\utils.py", line 10, in load_json_data
    raise DataJsonError
exceptions.DataJsonError
INFO:werkzeug:127.0.0.1 - - [11/May/2022 19:18:55] "[35m[1mPOST /post HTTP/1.1[0m" 500 -
ERROR:app:Exception on /post [POST]
Traceback (most recent call last):
  File "D:\Python\homework12\lesson12_project_source_v3-master\main\utils.py", line 8, in load_json_data
    return json.load(file)
  File "C:\Users\kuriv\AppData\Local\Programs\Python\Python310\lib\json\__init__.py", line 293, in load
    return loads(fp.read(),
  File "C:\Users\kuriv\AppData\Local\Programs\Python\Python310\lib\json\__init__.py", line 346, in loads
    return _default_decoder.decode(s)
  File "C:\Users\kuriv\AppData\Local\Programs\Python\Python310\lib\json\decoder.py", line 337, in decode
    obj, end = self.raw_decode(s, idx=_w(s, 0).end())
  File "C:\Users\kuriv\AppData\Local\Programs\Python\Python310\lib\json\decoder.py", line 355, in raw_decode
    raise JSONDecodeError("Expecting value", s, err.value) from None
json.decoder.JSONDecodeError: Expecting value: line 1 column 1 (char 0)

During handling of the above exception, another exception occurred:

Traceback (most recent call last):
  File "D:\Python\homework12\lesson12_project_source_v3-master\venv\lib\site-packages\flask\app.py", line 2077, in wsgi_app
    response = self.full_dispatch_request()
  File "D:\Python\homework12\lesson12_project_source_v3-master\venv\lib\site-packages\flask\app.py", line 1525, in full_dispatch_request
    rv = self.handle_user_exception(e)
  File "D:\Python\homework12\lesson12_project_source_v3-master\venv\lib\site-packages\flask\app.py", line 1523, in full_dispatch_request
    rv = self.dispatch_request()
  File "D:\Python\homework12\lesson12_project_source_v3-master\venv\lib\site-packages\flask\app.py", line 1509, in dispatch_request
    return self.ensure_sync(self.view_functions[rule.endpoint])(**req.view_args)
  File "D:\Python\homework12\lesson12_project_source_v3-master\loader\views.py", line 25, in create_new_post_by_user
    posts = utils.load_json_data(POST_PATH)
  File "D:\Python\homework12\lesson12_project_source_v3-master\main\utils.py", line 10, in load_json_data
    raise DataJsonError
exceptions.DataJsonError
INFO:werkzeug:127.0.0.1 - - [11/May/2022 19:19:00] "[35m[1mPOST /post HTTP/1.1[0m" 500 -
INFO:root:Открытие главной страницы
INFO:werkzeug:127.0.0.1 - - [11/May/2022 19:19:24] "GET / HTTP/1.1" 200 -
INFO:werkzeug:127.0.0.1 - - [11/May/2022 19:19:24] "[36mGET /static/style.css HTTP/1.1[0m" 304 -
INFO:werkzeug:127.0.0.1 - - [11/May/2022 19:19:24] "[36mGET /static/style.css HTTP/1.1[0m" 304 -
INFO:werkzeug:127.0.0.1 - - [11/May/2022 19:19:26] "GET /post HTTP/1.1" 200 -
INFO:werkzeug:127.0.0.1 - - [11/May/2022 19:19:26] "[36mGET /static/style.css HTTP/1.1[0m" 304 -
ERROR:app:Exception on /post [POST]
Traceback (most recent call last):
  File "D:\Python\homework12\lesson12_project_source_v3-master\main\utils.py", line 8, in load_json_data
    return json.load(file)
  File "C:\Users\kuriv\AppData\Local\Programs\Python\Python310\lib\json\__init__.py", line 293, in load
    return loads(fp.read(),
  File "C:\Users\kuriv\AppData\Local\Programs\Python\Python310\lib\json\__init__.py", line 346, in loads
    return _default_decoder.decode(s)
  File "C:\Users\kuriv\AppData\Local\Programs\Python\Python310\lib\json\decoder.py", line 337, in decode
    obj, end = self.raw_decode(s, idx=_w(s, 0).end())
  File "C:\Users\kuriv\AppData\Local\Programs\Python\Python310\lib\json\decoder.py", line 355, in raw_decode
    raise JSONDecodeError("Expecting value", s, err.value) from None
json.decoder.JSONDecodeError: Expecting value: line 1 column 1 (char 0)

During handling of the above exception, another exception occurred:

Traceback (most recent call last):
  File "D:\Python\homework12\lesson12_project_source_v3-master\venv\lib\site-packages\flask\app.py", line 2077, in wsgi_app
    response = self.full_dispatch_request()
  File "D:\Python\homework12\lesson12_project_source_v3-master\venv\lib\site-packages\flask\app.py", line 1525, in full_dispatch_request
    rv = self.handle_user_exception(e)
  File "D:\Python\homework12\lesson12_project_source_v3-master\venv\lib\site-packages\flask\app.py", line 1523, in full_dispatch_request
    rv = self.dispatch_request()
  File "D:\Python\homework12\lesson12_project_source_v3-master\venv\lib\site-packages\flask\app.py", line 1509, in dispatch_request
    return self.ensure_sync(self.view_functions[rule.endpoint])(**req.view_args)
  File "D:\Python\homework12\lesson12_project_source_v3-master\loader\views.py", line 25, in create_new_post_by_user
    posts = utils.load_json_data(POST_PATH)
  File "D:\Python\homework12\lesson12_project_source_v3-master\main\utils.py", line 10, in load_json_data
    raise DataJsonError
exceptions.DataJsonError
INFO:werkzeug:127.0.0.1 - - [11/May/2022 19:19:32] "[35m[1mPOST /post HTTP/1.1[0m" 500 -
INFO:werkzeug: * Running on http://127.0.0.1:5000 (Press CTRL+C to quit)
ERROR:app:Exception on /post [POST]
Traceback (most recent call last):
  File "D:\Python\homework12\lesson12_project_source_v3-master\main\utils.py", line 8, in load_json_data
    return json.load(file)
  File "C:\Users\kuriv\AppData\Local\Programs\Python\Python310\lib\json\__init__.py", line 293, in load
    return loads(fp.read(),
  File "C:\Users\kuriv\AppData\Local\Programs\Python\Python310\lib\json\__init__.py", line 346, in loads
    return _default_decoder.decode(s)
  File "C:\Users\kuriv\AppData\Local\Programs\Python\Python310\lib\json\decoder.py", line 337, in decode
    obj, end = self.raw_decode(s, idx=_w(s, 0).end())
  File "C:\Users\kuriv\AppData\Local\Programs\Python\Python310\lib\json\decoder.py", line 355, in raw_decode
    raise JSONDecodeError("Expecting value", s, err.value) from None
json.decoder.JSONDecodeError: Expecting value: line 1 column 1 (char 0)

During handling of the above exception, another exception occurred:

Traceback (most recent call last):
  File "D:\Python\homework12\lesson12_project_source_v3-master\venv\lib\site-packages\flask\app.py", line 2077, in wsgi_app
    response = self.full_dispatch_request()
  File "D:\Python\homework12\lesson12_project_source_v3-master\venv\lib\site-packages\flask\app.py", line 1525, in full_dispatch_request
    rv = self.handle_user_exception(e)
  File "D:\Python\homework12\lesson12_project_source_v3-master\venv\lib\site-packages\flask\app.py", line 1523, in full_dispatch_request
    rv = self.dispatch_request()
  File "D:\Python\homework12\lesson12_project_source_v3-master\venv\lib\site-packages\flask\app.py", line 1509, in dispatch_request
    return self.ensure_sync(self.view_functions[rule.endpoint])(**req.view_args)
  File "D:\Python\homework12\lesson12_project_source_v3-master\loader\views.py", line 26, in create_new_post_by_user
    posts = utils.load_json_data(POST_PATH)
  File "D:\Python\homework12\lesson12_project_source_v3-master\main\utils.py", line 10, in load_json_data
    raise DataJsonError
exceptions.DataJsonError
INFO:werkzeug:127.0.0.1 - - [11/May/2022 19:22:42] "[35m[1mPOST /post HTTP/1.1[0m" 500 -
INFO:root:Открытие главной страницы
INFO:werkzeug:127.0.0.1 - - [11/May/2022 19:22:49] "GET / HTTP/1.1" 200 -
INFO:werkzeug:127.0.0.1 - - [11/May/2022 19:22:49] "[36mGET /static/style.css HTTP/1.1[0m" 304 -
INFO:werkzeug:127.0.0.1 - - [11/May/2022 19:22:51] "GET /post HTTP/1.1" 200 -
INFO:werkzeug:127.0.0.1 - - [11/May/2022 19:22:51] "[36mGET /static/style.css HTTP/1.1[0m" 304 -
ERROR:app:Exception on /post [POST]
Traceback (most recent call last):
  File "D:\Python\homework12\lesson12_project_source_v3-master\main\utils.py", line 8, in load_json_data
    return json.load(file)
  File "C:\Users\kuriv\AppData\Local\Programs\Python\Python310\lib\json\__init__.py", line 293, in load
    return loads(fp.read(),
  File "C:\Users\kuriv\AppData\Local\Programs\Python\Python310\lib\json\__init__.py", line 346, in loads
    return _default_decoder.decode(s)
  File "C:\Users\kuriv\AppData\Local\Programs\Python\Python310\lib\json\decoder.py", line 337, in decode
    obj, end = self.raw_decode(s, idx=_w(s, 0).end())
  File "C:\Users\kuriv\AppData\Local\Programs\Python\Python310\lib\json\decoder.py", line 355, in raw_decode
    raise JSONDecodeError("Expecting value", s, err.value) from None
json.decoder.JSONDecodeError: Expecting value: line 1 column 1 (char 0)

During handling of the above exception, another exception occurred:

Traceback (most recent call last):
  File "D:\Python\homework12\lesson12_project_source_v3-master\venv\lib\site-packages\flask\app.py", line 2077, in wsgi_app
    response = self.full_dispatch_request()
  File "D:\Python\homework12\lesson12_project_source_v3-master\venv\lib\site-packages\flask\app.py", line 1525, in full_dispatch_request
    rv = self.handle_user_exception(e)
  File "D:\Python\homework12\lesson12_project_source_v3-master\venv\lib\site-packages\flask\app.py", line 1523, in full_dispatch_request
    rv = self.dispatch_request()
  File "D:\Python\homework12\lesson12_project_source_v3-master\venv\lib\site-packages\flask\app.py", line 1509, in dispatch_request
    return self.ensure_sync(self.view_functions[rule.endpoint])(**req.view_args)
  File "D:\Python\homework12\lesson12_project_source_v3-master\loader\views.py", line 26, in create_new_post_by_user
    posts = utils.load_json_data(POST_PATH)
  File "D:\Python\homework12\lesson12_project_source_v3-master\main\utils.py", line 10, in load_json_data
    raise DataJsonError
exceptions.DataJsonError
INFO:werkzeug:127.0.0.1 - - [11/May/2022 19:23:12] "[35m[1mPOST /post HTTP/1.1[0m" 500 -
INFO:werkzeug: * Running on http://127.0.0.1:5000 (Press CTRL+C to quit)
INFO:root:Открытие главной страницы
INFO:werkzeug:127.0.0.1 - - [12/May/2022 07:45:50] "GET / HTTP/1.1" 200 -
INFO:werkzeug:127.0.0.1 - - [12/May/2022 07:45:50] "[36mGET /static/style.css HTTP/1.1[0m" 304 -
INFO:root:Выполняется поиск
INFO:werkzeug:127.0.0.1 - - [12/May/2022 07:45:52] "GET /search?s= HTTP/1.1" 200 -
INFO:root:Выполняется поиск
INFO:werkzeug:127.0.0.1 - - [12/May/2022 07:46:00] "GET /search?s=утро HTTP/1.1" 200 -
INFO:werkzeug: * Running on http://127.0.0.1:5000 (Press CTRL+C to quit)
INFO:root:Открытие главной страницы
INFO:werkzeug:127.0.0.1 - - [12/May/2022 07:52:12] "GET / HTTP/1.1" 200 -
INFO:werkzeug:127.0.0.1 - - [12/May/2022 07:52:12] "[36mGET /static/style.css HTTP/1.1[0m" 304 -
INFO:werkzeug:127.0.0.1 - - [12/May/2022 07:52:15] "GET /post HTTP/1.1" 200 -
INFO:werkzeug:127.0.0.1 - - [12/May/2022 07:52:15] "[36mGET /static/style.css HTTP/1.1[0m" 304 -
INFO:root:Открытие главной страницы
INFO:werkzeug:127.0.0.1 - - [12/May/2022 07:52:17] "GET / HTTP/1.1" 200 -
INFO:werkzeug:127.0.0.1 - - [12/May/2022 07:52:17] "[36mGET /static/style.css HTTP/1.1[0m" 304 -
INFO:root:Выполняется поиск
INFO:werkzeug:127.0.0.1 - - [12/May/2022 07:52:19] "GET /search?s= HTTP/1.1" 200 -
INFO:werkzeug:127.0.0.1 - - [12/May/2022 07:53:16] "GET /post HTTP/1.1" 200 -
INFO:werkzeug:127.0.0.1 - - [12/May/2022 07:53:16] "[36mGET /static/style.css HTTP/1.1[0m" 304 -
ERROR:app:Exception on /post [POST]
Traceback (most recent call last):
  File "D:\Python\homework12\lesson12_project_source_v3-master\main\utils.py", line 8, in load_json_data
    return json.load(file)
  File "C:\Users\kuriv\AppData\Local\Programs\Python\Python310\lib\json\__init__.py", line 293, in load
    return loads(fp.read(),
  File "C:\Users\kuriv\AppData\Local\Programs\Python\Python310\lib\json\__init__.py", line 346, in loads
    return _default_decoder.decode(s)
  File "C:\Users\kuriv\AppData\Local\Programs\Python\Python310\lib\json\decoder.py", line 337, in decode
    obj, end = self.raw_decode(s, idx=_w(s, 0).end())
  File "C:\Users\kuriv\AppData\Local\Programs\Python\Python310\lib\json\decoder.py", line 355, in raw_decode
    raise JSONDecodeError("Expecting value", s, err.value) from None
json.decoder.JSONDecodeError: Expecting value: line 1 column 1 (char 0)

During handling of the above exception, another exception occurred:

Traceback (most recent call last):
  File "D:\Python\homework12\lesson12_project_source_v3-master\venv\lib\site-packages\flask\app.py", line 2077, in wsgi_app
    response = self.full_dispatch_request()
  File "D:\Python\homework12\lesson12_project_source_v3-master\venv\lib\site-packages\flask\app.py", line 1525, in full_dispatch_request
    rv = self.handle_user_exception(e)
  File "D:\Python\homework12\lesson12_project_source_v3-master\venv\lib\site-packages\flask\app.py", line 1523, in full_dispatch_request
    rv = self.dispatch_request()
  File "D:\Python\homework12\lesson12_project_source_v3-master\venv\lib\site-packages\flask\app.py", line 1509, in dispatch_request
    return self.ensure_sync(self.view_functions[rule.endpoint])(**req.view_args)
  File "D:\Python\homework12\lesson12_project_source_v3-master\loader\views.py", line 26, in create_new_post_by_user
    posts = utils.load_json_data(POST_PATH)
  File "D:\Python\homework12\lesson12_project_source_v3-master\main\utils.py", line 10, in load_json_data
    raise DataJsonError
exceptions.DataJsonError
INFO:werkzeug:127.0.0.1 - - [12/May/2022 07:53:24] "[35m[1mPOST /post HTTP/1.1[0m" 500 -
INFO:werkzeug: * Running on http://127.0.0.1:5000 (Press CTRL+C to quit)
INFO:root:Открытие главной страницы
INFO:werkzeug:127.0.0.1 - - [12/May/2022 08:20:21] "GET / HTTP/1.1" 200 -
INFO:werkzeug:127.0.0.1 - - [12/May/2022 08:20:21] "[36mGET /static/style.css HTTP/1.1[0m" 304 -
INFO:werkzeug:127.0.0.1 - - [12/May/2022 08:20:24] "GET /post HTTP/1.1" 200 -
INFO:werkzeug:127.0.0.1 - - [12/May/2022 08:20:24] "[36mGET /static/style.css HTTP/1.1[0m" 304 -
ERROR:app:Exception on /post [POST]
Traceback (most recent call last):
  File "D:\Python\homework12\lesson12_project_source_v3-master\main\utils.py", line 8, in load_json_data
    return json.load(file)
  File "C:\Users\kuriv\AppData\Local\Programs\Python\Python310\lib\json\__init__.py", line 293, in load
    return loads(fp.read(),
  File "C:\Users\kuriv\AppData\Local\Programs\Python\Python310\lib\json\__init__.py", line 346, in loads
    return _default_decoder.decode(s)
  File "C:\Users\kuriv\AppData\Local\Programs\Python\Python310\lib\json\decoder.py", line 337, in decode
    obj, end = self.raw_decode(s, idx=_w(s, 0).end())
  File "C:\Users\kuriv\AppData\Local\Programs\Python\Python310\lib\json\decoder.py", line 355, in raw_decode
    raise JSONDecodeError("Expecting value", s, err.value) from None
json.decoder.JSONDecodeError: Expecting value: line 1 column 1 (char 0)

During handling of the above exception, another exception occurred:

Traceback (most recent call last):
  File "D:\Python\homework12\lesson12_project_source_v3-master\venv\lib\site-packages\flask\app.py", line 2077, in wsgi_app
    response = self.full_dispatch_request()
  File "D:\Python\homework12\lesson12_project_source_v3-master\venv\lib\site-packages\flask\app.py", line 1525, in full_dispatch_request
    rv = self.handle_user_exception(e)
  File "D:\Python\homework12\lesson12_project_source_v3-master\venv\lib\site-packages\flask\app.py", line 1523, in full_dispatch_request
    rv = self.dispatch_request()
  File "D:\Python\homework12\lesson12_project_source_v3-master\venv\lib\site-packages\flask\app.py", line 1509, in dispatch_request
    return self.ensure_sync(self.view_functions[rule.endpoint])(**req.view_args)
  File "D:\Python\homework12\lesson12_project_source_v3-master\loader\views.py", line 26, in create_new_post_by_user
    posts = utils.load_json_data(POST_PATH)
  File "D:\Python\homework12\lesson12_project_source_v3-master\main\utils.py", line 10, in load_json_data
    raise DataJsonError
exceptions.DataJsonError
INFO:werkzeug:127.0.0.1 - - [12/May/2022 08:20:32] "[35m[1mPOST /post HTTP/1.1[0m" 500 -
ERROR:app:Exception on /post [POST]
Traceback (most recent call last):
  File "D:\Python\homework12\lesson12_project_source_v3-master\main\utils.py", line 8, in load_json_data
    return json.load(file)
  File "C:\Users\kuriv\AppData\Local\Programs\Python\Python310\lib\json\__init__.py", line 293, in load
    return loads(fp.read(),
  File "C:\Users\kuriv\AppData\Local\Programs\Python\Python310\lib\json\__init__.py", line 346, in loads
    return _default_decoder.decode(s)
  File "C:\Users\kuriv\AppData\Local\Programs\Python\Python310\lib\json\decoder.py", line 337, in decode
    obj, end = self.raw_decode(s, idx=_w(s, 0).end())
  File "C:\Users\kuriv\AppData\Local\Programs\Python\Python310\lib\json\decoder.py", line 355, in raw_decode
    raise JSONDecodeError("Expecting value", s, err.value) from None
json.decoder.JSONDecodeError: Expecting value: line 1 column 1 (char 0)

During handling of the above exception, another exception occurred:

Traceback (most recent call last):
  File "D:\Python\homework12\lesson12_project_source_v3-master\venv\lib\site-packages\flask\app.py", line 2077, in wsgi_app
    response = self.full_dispatch_request()
  File "D:\Python\homework12\lesson12_project_source_v3-master\venv\lib\site-packages\flask\app.py", line 1525, in full_dispatch_request
    rv = self.handle_user_exception(e)
  File "D:\Python\homework12\lesson12_project_source_v3-master\venv\lib\site-packages\flask\app.py", line 1523, in full_dispatch_request
    rv = self.dispatch_request()
  File "D:\Python\homework12\lesson12_project_source_v3-master\venv\lib\site-packages\flask\app.py", line 1509, in dispatch_request
    return self.ensure_sync(self.view_functions[rule.endpoint])(**req.view_args)
  File "D:\Python\homework12\lesson12_project_source_v3-master\loader\views.py", line 26, in create_new_post_by_user
    posts = utils.load_json_data(POST_PATH)
  File "D:\Python\homework12\lesson12_project_source_v3-master\main\utils.py", line 10, in load_json_data
    raise DataJsonError
exceptions.DataJsonError
INFO:werkzeug:127.0.0.1 - - [12/May/2022 08:22:07] "[35m[1mPOST /post HTTP/1.1[0m" 500 -
